#-----------------------------------------------------------
# Vivado v2023.1 (64-bit)
# SW Build 3865809 on Sun May  7 15:04:56 MDT 2023
# IP Build 3864474 on Sun May  7 20:36:21 MDT 2023
# SharedData Build 3865790 on Sun May 07 13:33:03 MDT 2023
# Start of session at: Mon Oct 16 21:36:40 2023
# Process ID: 73382
# Current directory: /home/lucas/Desktop/fpga/Synchonous_Sequential_Logic/Synchonous_Sequential_Logic.runs/synth_1
# Command line: vivado -log sequence_detector.vds -product Vivado -mode batch -messageDb vivado.pb -notrace -source sequence_detector.tcl
# Log file: /home/lucas/Desktop/fpga/Synchonous_Sequential_Logic/Synchonous_Sequential_Logic.runs/synth_1/sequence_detector.vds
# Journal file: /home/lucas/Desktop/fpga/Synchonous_Sequential_Logic/Synchonous_Sequential_Logic.runs/synth_1/vivado.jou
# Running On: acomputer, OS: Linux, CPU Frequency: 2300.000 MHz, CPU Physical cores: 8, Host memory: 16446 MB
#-----------------------------------------------------------
source sequence_detector.tcl -notrace
