#-----------------------------------------------------------
# Vivado v2023.1 (64-bit)
# SW Build 3865809 on Sun May  7 15:04:56 MDT 2023
# IP Build 3864474 on Sun May  7 20:36:21 MDT 2023
# SharedData Build 3865790 on Sun May 07 13:33:03 MDT 2023
# Start of session at: Tue Oct 31 13:48:30 2023
# Process ID: 78989
# Current directory: /home/lucas/Desktop/fpga/Synchonous_Sequential_Logic/Synchonous_Sequential_Logic.srcs/sources_1/new
# Command line: vivado
# Log file: /home/lucas/Desktop/fpga/Synchonous_Sequential_Logic/Synchonous_Sequential_Logic.srcs/sources_1/new/vivado.log
# Journal file: /home/lucas/Desktop/fpga/Synchonous_Sequential_Logic/Synchonous_Sequential_Logic.srcs/sources_1/new/vivado.jou
# Running On: acomputer, OS: Linux, CPU Frequency: 2733.212 MHz, CPU Physical cores: 8, Host memory: 16446 MB
#-----------------------------------------------------------
start_gui
open_project /home/lucas/Desktop/fpga/Lab_7/Lab_7.xpr
update_compile_order -fileset sources_1
launch_simulation
source sequential_circuit_tb.tcl
close_sim
launch_simulation
source sequential_circuit_tb.tcl
close_sim
launch_simulation
source sequential_circuit_tb.tcl
close_sim
launch_simulation
launch_simulation
source sequential_circuit_tb.tcl
close_sim
launch_simulation
source sequential_circuit_tb.tcl
close_sim
launch_simulation
source sequential_circuit_tb.tcl
close_sim
launch_simulation
source sequential_circuit_tb.tcl
close_sim
launch_simulation
source sequential_circuit_tb.tcl
close_sim
launch_simulation
source sequential_circuit_tb.tcl
close_sim
launch_simulation
source sequential_circuit_tb.tcl
close_sim
launch_simulation
source sequential_circuit_tb.tcl
close_sim
launch_simulation
source sequential_circuit_tb.tcl
close_sim
launch_simulation
launch_simulation
source sequential_circuit_tb.tcl
save_wave_config {/home/lucas/Desktop/fpga/Lab_7/sequential_circuit_tb_behav.wcfg}
add_files -fileset sim_1 -norecurse /home/lucas/Desktop/fpga/Lab_7/sequential_circuit_tb_behav.wcfg
set_property xsim.view /home/lucas/Desktop/fpga/Lab_7/sequential_circuit_tb_behav.wcfg [get_filesets sim_1]
close_sim
